0 verbose cli C:\Users\l'x\.workbuddy\binaries\node\versions\22.22.2\node.exe C:\Users\l'x\.workbuddy\binaries\node\versions\22.22.2\node_modules\npm\bin\npm-cli.js
1 info using npm@10.9.7
2 info using node@v22.22.2
3 silly config load:file:C:\Users\l'x\.workbuddy\binaries\node\versions\22.22.2\node_modules\npm\npmrc
4 silly config load:file:C:\Users\l'x\WorkBuddy\2026-08-14-23-01-31\dsh-plugin-local-life\.npmrc
5 silly config load:file:F:\AI-2026\dsh-xiaoxiaoplugins\.npmrc-temp
6 silly config load:file:C:\Users\l'x\.workbuddy\binaries\node\versions\22.22.2\etc\npmrc
7 verbose title npm publish
8 verbose argv "publish" "--ignore-scripts" "--cache" "C:\\Users\\l'x\\WorkBuddy\\2026-08-14-23-01-31\\dsh-plugin-local-life\\.npm-cache-pub2" "--registry" "https://registry.npmjs.org"
9 verbose logfile logs-max:10 dir:C:\Users\l'x\WorkBuddy\2026-08-14-23-01-31\dsh-plugin-local-life\.npm-cache-pub2\_logs\2026-08-19T15_45_01_417Z-
10 verbose logfile C:\Users\l'x\WorkBuddy\2026-08-14-23-01-31\dsh-plugin-local-life\.npm-cache-pub2\_logs\2026-08-19T15_45_01_417Z-debug-0.log
11 silly logfile done cleaning log files
12 verbose publish [ '.' ]
13 silly packumentCache heap:4345298944 maxSize:1086324736 maxEntrySize:543162368
14 notice
15 notice package: dsh-plugin-local-life@0.2.0
16 notice Tarball Contents
17 notice 1.1kB LICENSE
17 notice 1.9kB README.md
17 notice 1.5kB README.zh.md
17 notice 387B cordis.patch.yml
17 notice 7.7kB lib/index.js
17 notice 12.7kB lib/local.js
17 notice 1.6kB package.json
18 notice Tarball Details
19 notice name: dsh-plugin-local-life
20 notice version: 0.2.0
21 notice filename: dsh-plugin-local-life-0.2.0.tgz
22 notice package size: 9.6 kB
23 notice unpacked size: 26.9 kB
24 notice shasum: 60dd1b391afeb80d4981d4e930e8f7e978dabec0
25 notice integrity: sha512-GmpnSAJiEm6Qh[...]kMwZpgXldGDnA==
26 notice total files: 7
27 notice
28 notice Publishing to https://registry.npmjs.org/ with tag latest and public access
29 http fetch GET 200 https://registry.npmjs.org/npm 2548ms
30 http fetch PUT 200 https://registry.npmjs.org/dsh-plugin-local-life 2994ms
31 verbose cwd C:\Users\l'x\WorkBuddy\2026-08-14-23-01-31\dsh-plugin-local-life
32 verbose os Windows_NT 10.0.26200
33 verbose node v22.22.2
34 verbose npm  v10.9.7
35 notice
35 notice New major version of npm available! 10.9.7 -> 12.0.2
35 notice Changelog: https://github.com/npm/cli/releases/tag/v12.0.2
35 notice To update run: npm install -g npm@12.0.2
35 notice  { force: true, [Symbol(proc-log.meta)]: true }
36 verbose exit 0
37 info ok
